Nothing to build in platform 'PL_RW_DDR'

21:22:16 **** Incremental Build of configuration Debug for project RW_DDR ****
make all 
C:/Xilinx/Vitis/2020.2/gnuwin/bin/make --no-print-directory pre-build
a9-linaro-pre-build-step
' '
C:/Xilinx/Vitis/2020.2/gnuwin/bin/make --no-print-directory main-build
'Building file: ../src/helloworld.c'
'Invoking: ARM v7 gcc compiler'
arm-none-eabi-gcc -Wall -O0 -g3 -c -fmessage-length=0 -MT"src/helloworld.o" -mcpu=cortex-a9 -mfpu=vfpv3 -mfloat-abi=hard -IC:/Users/Admin/Desktop/Zynq7010_eink_controller/controller/Z7_Lite/PL_RW_DDR/PL_RW_DDR.vitis/PL_RW_DDR/export/PL_RW_DDR/sw/PL_RW_DDR/standalone_domain/bspinclude/include -MMD -MP -MF"src/helloworld.d" -MT"src/helloworld.o" -o "src/helloworld.o" "../src/helloworld.c"
'Finished building: ../src/helloworld.c'
' '
'Building target: RW_DDR.elf'
'Invoking: ARM v7 gcc linker'
arm-none-eabi-gcc -mcpu=cortex-a9 -mfpu=vfpv3 -mfloat-abi=hard -Wl,-build-id=none -specs=Xilinx.spec -Wl,-T -Wl,../src/lscript.ld -LC:/Users/Admin/Desktop/Zynq7010_eink_controller/controller/Z7_Lite/PL_RW_DDR/PL_RW_DDR.vitis/PL_RW_DDR/export/PL_RW_DDR/sw/PL_RW_DDR/standalone_domain/bsplib/lib -o "RW_DDR.elf"  ./src/helloworld.o ./src/platform.o   -Wl,--start-group,-lxil,-lgcc,-lc,--end-group
'Finished building target: RW_DDR.elf'
' '
'Invoking: ARM v7 Print Size'
arm-none-eabi-size RW_DDR.elf  |tee "RW_DDR.elf.size"
   text	   data	    bss	    dec	    hex	filename
  67652	   2550	  22640	  92842	  16aaa	RW_DDR.elf
'Finished building: RW_DDR.elf.size'
' '
